============================= test session starts =============================
platform win32 -- Python 3.12.10, pytest-9.0.2, pluggy-1.6.0 -- C:\Users\hp\AppData\Local\Microsoft\WindowsApps\PythonSoftwareFoundation.Python.3.12_qbz5n2kfra8p0\python.exe
cachedir: .pytest_cache
rootdir: D:\Desktop\devops_project
collecting ... collected 3 items

test_app.py::test_health_endpoint_unauthorized FAILED                    [ 33%]
test_app.py::test_health_endpoint_authorized FAILED                      [ 66%]
test_app.py::test_home_page FAILED                                       [100%]

================================== FAILURES ===================================
______________________ test_health_endpoint_unauthorized ______________________

client = <FlaskClient <Flask 'app'>>

    def test_health_endpoint_unauthorized(client):
        """Test if the health endpoint returns 401 when unauthorized."""
        response = client.get('/health')
>       assert response.status_code == 401
E       assert 302 == 401
E        +  where 302 = <WrapperTestResponse streamed [302 FOUND]>.status_code

test_app.py:14: AssertionError
_______________________ test_health_endpoint_authorized _______________________

client = <FlaskClient <Flask 'app'>>

    def test_health_endpoint_authorized(client):
        """Test if the health endpoint returns a valid response when authorized."""
        # Default credentials from app.py or .env (fallback to admin/password in app.py)
        valid_auth = base64.b64encode(b"admin:password").decode('utf-8')
        response = client.get('/health', headers={'Authorization': f'Basic {valid_auth}'})
>       assert response.status_code == 200
E       assert 302 == 200
E        +  where 302 = <WrapperTestResponse streamed [302 FOUND]>.status_code

test_app.py:21: AssertionError
_______________________________ test_home_page ________________________________

client = <FlaskClient <Flask 'app'>>

    def test_home_page(client):
        """Test if the home page loads successfully."""
        response = client.get('/')
>       assert response.status_code == 200
E       assert 302 == 200
E        +  where 302 = <WrapperTestResponse streamed [302 FOUND]>.status_code

test_app.py:29: AssertionError
=========================== short test summary info ===========================
FAILED test_app.py::test_health_endpoint_unauthorized - assert 302 == 401
FAILED test_app.py::test_health_endpoint_authorized - assert 302 == 200
FAILED test_app.py::test_home_page - assert 302 == 200
============================== 3 failed in 0.71s ==============================
